============================================================
marginfx Empirical Analysis — Ames Housing
============================================================

Settings:
  Models:      ['linear', 'rf', 'xgboost', 'tensorflow']
  Outcome:     regression (SalePrice in dollars)
  Bootstrap:   200 replicates
  Seed:        42

Specifications:
  A: ['GrLivArea', 'BedroomAbvGr', 'FullBath', 'HalfBath']
  AB: ['GrLivArea', 'BedroomAbvGr', 'FullBath', 'HalfBath', 'OverallQual', 'OverallCond', 'YearBuilt', 'YearRemodAdd']
  AC: ['GrLivArea', 'BedroomAbvGr', 'FullBath', 'HalfBath', 'LotArea', 'GarageArea', 'nbhd_high', 'nbhd_mid']
  ABC: ['GrLivArea', 'BedroomAbvGr', 'FullBath', 'HalfBath', 'OverallQual', 'OverallCond', 'YearBuilt', 'YearRemodAdd', 'LotArea', 'GarageArea', 'nbhd_high', 'nbhd_mid']

Loading processed data...
  1,460 observations, 13 columns
  Sale price: $180,921 mean, $163,000 median

Computing AMEs across all specifications...
  Resuming from partial results (16 combinations already done)

  Specification A: ['GrLivArea', 'BedroomAbvGr', 'FullBath', 'HalfBath']
    Skipping linear (already done)
    Skipping rf (already done)
    Skipping xgboost (already done)
    Skipping tensorflow (already done)

  Specification AB: ['GrLivArea', 'BedroomAbvGr', 'FullBath', 'HalfBath', 'OverallQual', 'OverallCond', 'YearBuilt', 'YearRemodAdd']
    Skipping linear (already done)
    Skipping rf (already done)
    Skipping xgboost (already done)
    Skipping tensorflow (already done)

  Specification AC: ['GrLivArea', 'BedroomAbvGr', 'FullBath', 'HalfBath', 'LotArea', 'GarageArea', 'nbhd_high', 'nbhd_mid']
    Skipping linear (already done)
    Skipping rf (already done)
    Skipping xgboost (already done)
    Skipping tensorflow (already done)

  Specification ABC: ['GrLivArea', 'BedroomAbvGr', 'FullBath', 'HalfBath', 'OverallQual', 'OverallCond', 'YearBuilt', 'YearRemodAdd', 'LotArea', 'GarageArea', 'nbhd_high', 'nbhd_mid']
    Skipping linear (already done)
    Skipping rf (already done)
    Skipping xgboost (already done)
    Skipping tensorflow (already done)

Computing SHAP values (full specification ABC)...
    SHAP linear... done (10.1s)
    SHAP rf... done (7.1s)
    SHAP xgboost... done (0.4s)
    SHAP tensorflow...Sample predictions: [194454.62 170108.31 212173.36 165138.14 275817.72]
Sample actuals: [208500. 181500. 223500. 140000. 250000.]
 ERROR: 'UnscaledModel' object has no attribute 'inputs'

Computing PDP slopes (full specification ABC)...
    PDP linear... done (0.1s)
    PDP rf... done (17.9s)
    PDP xgboost... done (0.4s)
    PDP tensorflow...Sample predictions: [200853.9  172699.52 215151.   136055.78 277497.5 ]
Sample actuals: [208500. 181500. 223500. 140000. 250000.]
 done (19.4s)

Saving results...
  Saved AME results: C:\Users\jason\Dropbox\projects\marginfx-paper\empirical-icdm\ames_housing\results\ames_housing_ames.parquet
  Saved SHAP results: C:\Users\jason\Dropbox\projects\marginfx-paper\empirical-icdm\ames_housing\results\ames_housing_shap.parquet
  Saved PDP results: C:\Users\jason\Dropbox\projects\marginfx-paper\empirical-icdm\ames_housing\results\ames_housing_pdp.parquet

Done in 70.2s
Results saved to: C:\Users\jason\Dropbox\projects\marginfx-paper\empirical-icdm\ames_housing\results

AME Results Preview (full spec, linear regression):
        term  estimate  std_error  p_value
   GrLivArea     65.57      13.06     0.00
BedroomAbvGr  -6189.02    2879.08     0.03
    FullBath  -6287.42    4381.13     0.15
    HalfBath  -6967.90    2991.66     0.02
 OverallQual  16465.22    1286.53     0.00
 OverallCond   6311.48     923.64     0.00
   YearBuilt    440.47     102.13     0.00
YearRemodAdd    101.51      56.55     0.07
     LotArea      0.61       0.23     0.01
  GarageArea     38.68       6.87     0.00
   nbhd_high  51433.02    9947.22     0.00
    nbhd_mid   7508.07    4816.36     0.12

(AMEs in dollars per unit change in each feature)
