\BOOKMARK [1][-]{appendix.A}{\376\377\000P\000r\000o\000o\000f\000\040\000o\000f\000\040\000L\000e\000m\000m\000a\000\040\0001\000\040\000\050\000D\000e\000r\000i\000v\000a\000t\000i\000v\000e\000\040\000E\000x\000i\000s\000t\000e\000n\000c\000e\000,\000\040\000S\000o\000b\000o\000l\000e\000v\000\051}{}% 1
\BOOKMARK [2][-]{subsection.A.1}{\376\377\000W\000h\000a\000t\000\040\000N\000e\000e\000d\000s\000\040\000t\000o\000\040\000B\000e\000\040\000S\000h\000o\000w\000n}{appendix.A}% 2
\BOOKMARK [2][-]{subsection.A.2}{\376\377\000S\000t\000e\000p\000\040\0001\000:\000\040\000E\000x\000i\000s\000t\000e\000n\000c\000e\000\040\000o\000f\000\040\000t\000h\000e\000\040\000G\000r\000a\000d\000i\000e\000n\000t\000\040\000a\000s\000\040\000a\000n\000\040\000L\000p\000\040\000F\000u\000n\000c\000t\000i\000o\000n}{appendix.A}% 3
\BOOKMARK [2][-]{subsection.A.3}{\376\377\000S\000t\000e\000p\000\040\0002\000:\000\040\000T\000h\000e\000\040\000N\000o\000r\000m\000\040\000B\000o\000u\000n\000d}{appendix.A}% 4
\BOOKMARK [2][-]{subsection.A.4}{\376\377\000C\000o\000n\000c\000l\000u\000s\000i\000o\000n}{appendix.A}% 5
\BOOKMARK [1][-]{appendix.B}{\376\377\000P\000r\000o\000o\000f\000\040\000o\000f\000\040\000L\000e\000m\000m\000a\000\040\0002\000\040\000\050\000D\000e\000r\000i\000v\000a\000t\000i\000v\000e\000\040\000C\000o\000n\000s\000i\000s\000t\000e\000n\000c\000y\000,\000\040\000S\000o\000b\000o\000l\000e\000v\000\051}{}% 6
\BOOKMARK [2][-]{subsection.B.1}{\376\377\000W\000h\000a\000t\000\040\000N\000e\000e\000d\000s\000\040\000t\000o\000\040\000B\000e\000\040\000S\000h\000o\000w\000n}{appendix.B}% 7
\BOOKMARK [2][-]{subsection.B.2}{\376\377\000P\000r\000o\000o\000f\000\040\000S\000t\000r\000a\000t\000e\000g\000y}{appendix.B}% 8
\BOOKMARK [2][-]{subsection.B.3}{\376\377\000S\000t\000e\000p\000\040\0001\000:\000\040\000E\000x\000t\000r\000a\000c\000t\000\040\000a\000\040\000S\000t\000r\000o\000n\000g\000l\000y\000\040\000C\000o\000n\000v\000e\000r\000g\000e\000n\000t\000\040\000S\000u\000b\000s\000e\000q\000u\000e\000n\000c\000e}{appendix.B}% 9
\BOOKMARK [2][-]{subsection.B.4}{\376\377\000S\000t\000e\000p\000\040\0002\000:\000\040\000I\000d\000e\000n\000t\000i\000f\000y\000\040\000t\000h\000e\000\040\000L\000i\000m\000i\000t}{appendix.B}% 10
\BOOKMARK [2][-]{subsection.B.5}{\376\377\000S\000t\000e\000p\000\040\0003\000:\000\040\000E\000x\000t\000r\000a\000c\000t\000\040\000G\000r\000a\000d\000i\000e\000n\000t\000\040\000C\000o\000n\000v\000e\000r\000g\000e\000n\000c\000e}{appendix.B}% 11
\BOOKMARK [2][-]{subsection.B.6}{\376\377\000C\000o\000n\000c\000l\000u\000s\000i\000o\000n}{appendix.B}% 12
\BOOKMARK [1][-]{appendix.C}{\376\377\000P\000r\000o\000o\000f\000\040\000o\000f\000\040\000L\000e\000m\000m\000a\000\040\0003\000\040\000\050\000D\000e\000r\000i\000v\000a\000t\000i\000v\000e\000\040\000E\000x\000i\000s\000t\000e\000n\000c\000e\000,\000\040\000B\000V\000\051}{}% 13
\BOOKMARK [2][-]{subsection.C.1}{\376\377\000W\000h\000a\000t\000\040\000N\000e\000e\000d\000s\000\040\000t\000o\000\040\000B\000e\000\040\000S\000h\000o\000w\000n}{appendix.C}% 14
\BOOKMARK [2][-]{subsection.C.2}{\376\377\000S\000t\000e\000p\000\040\0001\000:\000\040\000E\000x\000i\000s\000t\000e\000n\000c\000e\000\040\000o\000f\000\040\000D\000n\000\040\000a\000s\000\040\000a\000\040\000R\000a\000d\000o\000n\000\040\000M\000e\000a\000s\000u\000r\000e}{appendix.C}% 15
\BOOKMARK [2][-]{subsection.C.3}{\376\377\000S\000t\000e\000p\000\040\0002\000:\000\040\000E\000x\000p\000l\000i\000c\000i\000t\000\040\000F\000o\000r\000m\000u\000l\000a\000\040\000f\000o\000r\000\040\000P\000i\000e\000c\000e\000w\000i\000s\000e\000\040\000C\000o\000n\000s\000t\000a\000n\000t\000\040\000F\000u\000n\000c\000t\000i\000o\000n\000s}{appendix.C}% 16
\BOOKMARK [1][-]{appendix.D}{\376\377\000P\000r\000o\000o\000f\000\040\000o\000f\000\040\000L\000e\000m\000m\000a\000\040\0004\000\040\000\050\000D\000e\000r\000i\000v\000a\000t\000i\000v\000e\000\040\000C\000o\000n\000s\000i\000s\000t\000e\000n\000c\000y\000,\000\040\000B\000V\000\051}{}% 17
\BOOKMARK [2][-]{subsection.D.1}{\376\377\000W\000h\000a\000t\000\040\000N\000e\000e\000d\000s\000\040\000t\000o\000\040\000B\000e\000\040\000S\000h\000o\000w\000n}{appendix.D}% 18
\BOOKMARK [2][-]{subsection.D.2}{\376\377\000P\000r\000o\000o\000f\000\040\000S\000t\000r\000a\000t\000e\000g\000y}{appendix.D}% 19
\BOOKMARK [2][-]{subsection.D.3}{\376\377\000P\000a\000r\000t\000\040\000I\000:\000\040\000W\000e\000a\000k\000-\000*\000\040\000C\000o\000n\000v\000e\000r\000g\000e\000n\000c\000e}{appendix.D}% 20
\BOOKMARK [2][-]{subsection.D.4}{\376\377\000P\000a\000r\000t\000\040\000I\000I\000:\000\040\000S\000t\000r\000i\000c\000t\000\040\000C\000o\000n\000v\000e\000r\000g\000e\000n\000c\000e\000\040\000U\000p\000g\000r\000a\000d\000e}{appendix.D}% 21
\BOOKMARK [1][-]{appendix.E}{\376\377\000P\000r\000o\000o\000f\000\040\000o\000f\000\040\000L\000e\000m\000m\000a\000\040\0005\000\040\000\050\000H\000a\000d\000a\000m\000a\000r\000d\000\040\000D\000i\000f\000f\000e\000r\000e\000n\000t\000i\000a\000b\000i\000l\000i\000t\000y\000\040\000o\000f\000\040\000t\000h\000e\000\040\000A\000M\000E\000\040\000F\000u\000n\000c\000t\000i\000o\000n\000a\000l\000\051}{}% 22
\BOOKMARK [2][-]{subsection.E.1}{\376\377\000W\000h\000a\000t\000\040\000N\000e\000e\000d\000s\000\040\000t\000o\000\040\000B\000e\000\040\000S\000h\000o\000w\000n}{appendix.E}% 23
\BOOKMARK [2][-]{subsection.E.2}{\376\377\000S\000t\000e\000p\000\040\0001\000:\000\040\000L\000i\000n\000e\000a\000r\000i\000t\000y\000\040\000a\000n\000d\000\040\000B\000o\000u\000n\000d\000e\000d\000n\000e\000s\000s\000\040\000o\000f\000\040\000t\000h\000e\000\040\000C\000a\000n\000d\000i\000d\000a\000t\000e\000\040\000D\000e\000r\000i\000v\000a\000t\000i\000v\000e}{appendix.E}% 24
\BOOKMARK [2][-]{subsection.E.3}{\376\377\000S\000t\000e\000p\000\040\0002\000:\000\040\000V\000e\000r\000i\000f\000y\000\040\000t\000h\000e\000\040\000H\000a\000d\000a\000m\000a\000r\000d\000\040\000D\000e\000r\000i\000v\000a\000t\000i\000v\000e\000\040\000F\000o\000r\000m\000u\000l\000a}{appendix.E}% 25
\BOOKMARK [2][-]{subsection.E.4}{\376\377\000S\000t\000e\000p\000\040\0003\000:\000\040\000T\000a\000n\000g\000e\000n\000t\000i\000a\000l\000\040\000D\000i\000f\000f\000e\000r\000e\000n\000t\000i\000a\000b\000i\000l\000i\000t\000y}{appendix.E}% 26
\BOOKMARK [2][-]{subsection.E.5}{\376\377\000C\000o\000n\000c\000l\000u\000s\000i\000o\000n}{appendix.E}% 27
\BOOKMARK [1][-]{appendix.F}{\376\377\000P\000r\000o\000o\000f\000\040\000o\000f\000\040\000T\000h\000e\000o\000r\000e\000m\000\040\0001\000\040\000\050\000N\000e\000u\000r\000a\000l\000\040\000N\000e\000t\000w\000o\000r\000k\000s\000\051}{}% 28
\BOOKMARK [2][-]{subsection.F.1}{\376\377\000S\000e\000t\000u\000p\000\040\000a\000n\000d\000\040\000N\000o\000t\000a\000t\000i\000o\000n}{appendix.F}% 29
\BOOKMARK [2][-]{subsection.F.2}{\376\377\000S\000t\000e\000p\000\040\0001\000:\000\040\000U\000n\000i\000f\000o\000r\000m\000\040\000W\0002\000,\000p\000\040\000B\000o\000u\000n\000d\000e\000d\000n\000e\000s\000s}{appendix.F}% 30
\BOOKMARK [2][-]{subsection.F.3}{\376\377\000S\000t\000e\000p\000\040\0002\000:\000\040\000L\000p\000\040\000C\000o\000n\000s\000i\000s\000t\000e\000n\000c\000y}{appendix.F}% 31
\BOOKMARK [2][-]{subsection.F.4}{\376\377\000S\000t\000e\000p\000\040\0003\000:\000\040\000A\000p\000p\000l\000y\000i\000n\000g\000\040\000L\000e\000m\000m\000a\000\040\0002}{appendix.F}% 32
\BOOKMARK [1][-]{appendix.G}{\376\377\000P\000r\000o\000o\000f\000\040\000o\000f\000\040\000T\000h\000e\000o\000r\000e\000m\000\040\0002\000\040\000\050\000G\000r\000a\000d\000i\000e\000n\000t\000\040\000B\000o\000o\000s\000t\000i\000n\000g\000\051}{}% 33
\BOOKMARK [2][-]{subsection.G.1}{\376\377\000S\000e\000t\000u\000p\000\040\000a\000n\000d\000\040\000N\000o\000t\000a\000t\000i\000o\000n}{appendix.G}% 34
\BOOKMARK [2][-]{subsection.G.2}{\376\377\000C\000a\000s\000e\000\040\000\050\000i\000\051\000:\000\040\000S\000m\000o\000o\000t\000h\000\040\000B\000a\000s\000e\000\040\000L\000e\000a\000r\000n\000e\000r\000s}{appendix.G}% 35
\BOOKMARK [2][-]{subsection.G.3}{\376\377\000C\000a\000s\000e\000\040\000\050\000i\000i\000\051\000:\000\040\000T\000r\000e\000e\000\040\000S\000t\000u\000m\000p\000\040\000B\000a\000s\000e\000\040\000L\000e\000a\000r\000n\000e\000r\000s}{appendix.G}% 36
\BOOKMARK [1][-]{appendix.H}{\376\377\000P\000r\000o\000o\000f\000\040\000o\000f\000\040\000T\000h\000e\000o\000r\000e\000m\000\040\0003\000\040\000\050\000R\000a\000n\000d\000o\000m\000\040\000F\000o\000r\000e\000s\000t\000s\000\051}{}% 37
\BOOKMARK [2][-]{subsection.H.1}{\376\377\000S\000e\000t\000u\000p}{appendix.H}% 38
\BOOKMARK [2][-]{subsection.H.2}{\376\377\000S\000t\000e\000p\000\040\0001\000:\000\040\000E\000a\000c\000h\000\040\000T\000r\000e\000e\000\040\000i\000s\000\040\000i\000n\000\040\000B\000V}{appendix.H}% 39
\BOOKMARK [2][-]{subsection.H.3}{\376\377\000S\000t\000e\000p\000\040\0002\000:\000\040\000U\000n\000i\000f\000o\000r\000m\000\040\000B\000V\000\040\000B\000o\000u\000n\000d\000e\000d\000n\000e\000s\000s\000\040\000v\000i\000a\000\040\000t\000h\000e\000\040\000S\000e\000c\000o\000n\000d\000\040\000M\000o\000m\000e\000n\000t\000\040\000A\000r\000g\000u\000m\000e\000n\000t}{appendix.H}% 40
\BOOKMARK [3][-]{paragraph.H.3.0.1}{\376\377\000G\000e\000o\000m\000e\000t\000r\000i\000c\000\040\000f\000a\000c\000t\000o\000r\000.}{subsection.H.3}% 41
\BOOKMARK [4][-]{paragraph.H.3.0.2}{\376\377\000R\000e\000s\000p\000o\000n\000s\000e\000\040\000f\000a\000c\000t\000o\000r\000.}{paragraph.H.3.0.1}% 42
\BOOKMARK [4][-]{paragraph.H.3.0.3}{\376\377\000C\000o\000m\000b\000i\000n\000i\000n\000g\000.}{paragraph.H.3.0.1}% 43
\BOOKMARK [2][-]{subsection.H.4}{\376\377\000S\000t\000e\000p\000\040\0003\000:\000\040\000A\000p\000p\000l\000y\000\040\000L\000e\000m\000m\000a\000\040\0004}{appendix.H}% 44
\BOOKMARK [1][-]{appendix.I}{\376\377\000G\000e\000n\000e\000r\000a\000l\000\040\000S\000t\000r\000a\000t\000e\000g\000y\000\040\000f\000o\000r\000\040\000B\000o\000o\000t\000s\000t\000r\000a\000p\000\040\000V\000a\000l\000i\000d\000i\000t\000y\000\040\000P\000r\000o\000o\000f\000s}{}% 45
\BOOKMARK [1][-]{appendix.J}{\376\377\000P\000r\000o\000o\000f\000\040\000o\000f\000\040\000C\000o\000r\000o\000l\000l\000a\000r\000y\000\040\0001\000\040\000\050\000B\000o\000o\000t\000s\000t\000r\000a\000p\000\040\000V\000a\000l\000i\000d\000i\000t\000y\000\040\000f\000o\000r\000\040\000N\000e\000u\000r\000a\000l\000\040\000N\000e\000t\000w\000o\000r\000k\000s\000\051}{}% 46
\BOOKMARK [2][-]{subsection.J.1}{\376\377\000S\000t\000e\000p\000\040\0001\000:\000\040\000R\000a\000t\000e\000\040\000C\000o\000n\000d\000i\000t\000i\000o\000n}{appendix.J}% 47
\BOOKMARK [2][-]{subsection.J.2}{\376\377\000S\000t\000e\000p\000\040\0002\000:\000\040\000A\000p\000p\000l\000y\000\040\000t\000h\000e\000\040\000F\000u\000n\000c\000t\000i\000o\000n\000a\000l\000\040\000D\000e\000l\000t\000a\000\040\000M\000e\000t\000h\000o\000d}{appendix.J}% 48
\BOOKMARK [1][-]{appendix.K}{\376\377\000P\000r\000o\000o\000f\000\040\000o\000f\000\040\000C\000o\000r\000o\000l\000l\000a\000r\000y\000\040\0002\000\040\000\050\000B\000o\000o\000t\000s\000t\000r\000a\000p\000\040\000V\000a\000l\000i\000d\000i\000t\000y\000\040\000f\000o\000r\000\040\000G\000r\000a\000d\000i\000e\000n\000t\000\040\000B\000o\000o\000s\000t\000i\000n\000g\000\051}{}% 49
\BOOKMARK [2][-]{subsection.K.1}{\376\377\000S\000t\000e\000p\000\040\0001\000:\000\040\000V\000e\000r\000i\000f\000y\000\040\000t\000h\000e\000\040\000R\000a\000t\000e\000\040\000C\000o\000n\000d\000i\000t\000i\000o\000n}{appendix.K}% 50
\BOOKMARK [2][-]{subsection.K.2}{\376\377\000S\000t\000e\000p\000\040\0002\000:\000\040\000A\000p\000p\000l\000y\000\040\000t\000h\000e\000\040\000F\000u\000n\000c\000t\000i\000o\000n\000a\000l\000\040\000D\000e\000l\000t\000a\000\040\000M\000e\000t\000h\000o\000d}{appendix.K}% 51
\BOOKMARK [1][-]{appendix.L}{\376\377\000P\000r\000o\000o\000f\000\040\000o\000f\000\040\000C\000o\000r\000o\000l\000l\000a\000r\000y\000\040\0003\000\040\000\050\000B\000o\000o\000t\000s\000t\000r\000a\000p\000\040\000V\000a\000l\000i\000d\000i\000t\000y\000\040\000f\000o\000r\000\040\000M\000o\000n\000d\000r\000i\000a\000n\000\040\000F\000o\000r\000e\000s\000t\000s\000\051}{}% 52
\BOOKMARK [2][-]{subsection.L.1}{\376\377\000S\000t\000e\000p\000\040\0001\000:\000\040\000V\000e\000r\000i\000f\000y\000\040\000t\000h\000e\000\040\000R\000a\000t\000e\000\040\000C\000o\000n\000d\000i\000t\000i\000o\000n}{appendix.L}% 53
\BOOKMARK [2][-]{subsection.L.2}{\376\377\000S\000t\000e\000p\000\040\0002\000:\000\040\000A\000p\000p\000l\000y\000\040\000t\000h\000e\000\040\000F\000u\000n\000c\000t\000i\000o\000n\000a\000l\000\040\000D\000e\000l\000t\000a\000\040\000M\000e\000t\000h\000o\000d}{appendix.L}% 54
\BOOKMARK [1][-]{appendix.M}{\376\377\000S\000i\000m\000u\000l\000a\000t\000i\000o\000n\000\040\000s\000t\000u\000d\000y\000:\000\040\000f\000u\000l\000l\000\040\000d\000e\000s\000i\000g\000n\000\040\000a\000n\000d\000\040\000r\000e\000s\000u\000l\000t\000s}{}% 55
\BOOKMARK [1][-]{section*.43}{\376\377\000R\000e\000f\000e\000r\000e\000n\000c\000e\000s}{}% 56
