\BOOKMARK [1][-]{section.1}{\376\377\000I\000n\000t\000r\000o\000d\000u\000c\000t\000i\000o\000n}{}% 1
\BOOKMARK [1][-]{section.2}{\376\377\000M\000e\000t\000h\000o\000d}{}% 2
\BOOKMARK [2][-]{subsection.2.1}{\376\377\000E\000s\000t\000i\000m\000a\000n\000d}{section.2}% 3
\BOOKMARK [2][-]{subsection.2.2}{\376\377\000E\000s\000t\000i\000m\000a\000t\000i\000o\000n}{section.2}% 4
\BOOKMARK [2][-]{subsection.2.3}{\376\377\000R\000e\000l\000a\000t\000i\000o\000n\000s\000h\000i\000p\000\040\000t\000o\000\040\000C\000l\000a\000s\000s\000i\000c\000a\000l\000\040\000A\000v\000e\000r\000a\000g\000e\000\040\000M\000a\000r\000g\000i\000n\000a\000l\000\040\000E\000f\000f\000e\000c\000t\000s}{section.2}% 5
\BOOKMARK [2][-]{subsection.2.4}{\376\377\000I\000n\000f\000e\000r\000e\000n\000c\000e}{section.2}% 6
\BOOKMARK [1][-]{section.3}{\376\377\000A\000s\000y\000m\000p\000t\000o\000t\000i\000c\000\040\000T\000h\000e\000o\000r\000y}{}% 7
\BOOKMARK [2][-]{subsection.3.1}{\376\377\000O\000v\000e\000r\000v\000i\000e\000w}{section.3}% 8
\BOOKMARK [2][-]{subsection.3.2}{\376\377\000N\000o\000t\000a\000t\000i\000o\000n\000\040\000a\000n\000d\000\040\000P\000r\000e\000l\000i\000m\000i\000n\000a\000r\000i\000e\000s}{section.3}% 9
\BOOKMARK [2][-]{subsection.3.3}{\376\377\000T\000h\000e\000\040\000W\000i\000n\000d\000o\000w\000\040\000E\000s\000t\000i\000m\000a\000n\000d\000\040\000a\000n\000d\000\040\000I\000t\000s\000\040\000R\000i\000e\000s\000z\000\040\000R\000e\000p\000r\000e\000s\000e\000n\000t\000a\000t\000i\000o\000n}{section.3}% 10
\BOOKMARK [2][-]{subsection.3.4}{\376\377\000O\000r\000t\000h\000o\000g\000o\000n\000a\000l\000\040\000S\000c\000o\000r\000e\000,\000\040\000C\000r\000o\000s\000s\000-\000F\000i\000t\000t\000i\000n\000g\000,\000\040\000a\000n\000d\000\040\000E\000f\000f\000i\000c\000i\000e\000n\000t\000\040\000I\000n\000f\000e\000r\000e\000n\000c\000e}{section.3}% 11
\BOOKMARK [2][-]{subsection.3.5}{\376\377\000W\000h\000a\000t\000\040\000L\000e\000a\000r\000n\000e\000r\000\040\000G\000r\000a\000d\000i\000e\000n\000t\000s\000\040\000E\000s\000t\000i\000m\000a\000t\000e}{section.3}% 12
\BOOKMARK [2][-]{subsection.3.6}{\376\377\000G\000r\000a\000d\000i\000e\000n\000t\000\040\000C\000o\000n\000v\000e\000r\000g\000e\000n\000c\000e\000\040\000o\000f\000\040\000S\000p\000e\000c\000i\000f\000i\000c\000\040\000L\000e\000a\000r\000n\000e\000r\000s}{section.3}% 13
\BOOKMARK [2][-]{subsection.3.7}{\376\377\000N\000u\000i\000s\000a\000n\000c\000e\000\040\000E\000s\000t\000i\000m\000a\000t\000i\000o\000n\000\040\000a\000n\000d\000\040\000R\000a\000t\000e\000s}{section.3}% 14
\BOOKMARK [1][-]{section.4}{\376\377\000E\000m\000p\000i\000r\000i\000c\000a\000l\000\040\000E\000x\000a\000m\000p\000l\000e\000s}{}% 15
\BOOKMARK [2][-]{subsection.4.1}{\376\377\000U\000C\000I\000\040\000A\000d\000u\000l\000t\000\040\000I\000n\000c\000o\000m\000e}{section.4}% 16
\BOOKMARK [2][-]{subsection.4.2}{\376\377\000U\000C\000I\000\040\000C\000r\000e\000d\000i\000t\000\040\000D\000e\000f\000a\000u\000l\000t}{section.4}% 17
\BOOKMARK [2][-]{subsection.4.3}{\376\377\000A\000m\000e\000s\000\040\000H\000o\000u\000s\000i\000n\000g}{section.4}% 18
\BOOKMARK [1][-]{section.5}{\376\377\000S\000i\000m\000u\000l\000a\000t\000i\000o\000n}{}% 19
\BOOKMARK [1][-]{section.6}{\376\377\000C\000o\000n\000c\000l\000u\000s\000i\000o\000n}{}% 20
\BOOKMARK [1][-]{appendix.A}{\376\377\000P\000r\000o\000o\000f\000\040\000o\000f\000\040\000L\000e\000m\000m\000a\000\040\0001\000\040\000\050\000R\000i\000e\000s\000z\000\040\000R\000e\000p\000r\000e\000s\000e\000n\000t\000a\000t\000i\000o\000n\000\051}{}% 21
\BOOKMARK [1][-]{appendix.B}{\376\377\000P\000r\000o\000o\000f\000\040\000o\000f\000\040\000P\000r\000o\000p\000o\000s\000i\000t\000i\000o\000n\000\040\0001\000\040\000\050\000R\000e\000c\000o\000v\000e\000r\000y\000\040\000o\000f\000\040\000t\000h\000e\000\040\000A\000v\000e\000r\000a\000g\000e\000\040\000D\000e\000r\000i\000v\000a\000t\000i\000v\000e\000\051}{}% 22
\BOOKMARK [1][-]{appendix.C}{\376\377\000P\000r\000o\000o\000f\000\040\000o\000f\000\040\000L\000e\000m\000m\000a\000\040\0002\000\040\000\050\000E\000x\000a\000c\000t\000\040\000P\000r\000o\000d\000u\000c\000t\000\040\000B\000i\000a\000s\000\051}{}% 23
\BOOKMARK [1][-]{appendix.D}{\376\377\000P\000r\000o\000o\000f\000\040\000o\000f\000\040\000T\000h\000e\000o\000r\000e\000m\000\040\0001\000\040\000\050\000A\000s\000y\000m\000p\000t\000o\000t\000i\000c\000\040\000L\000i\000n\000e\000a\000r\000i\000t\000y\000\040\000a\000n\000d\000\040\000N\000o\000r\000m\000a\000l\000i\000t\000y\000\051}{}% 24
\BOOKMARK [2][-]{subsection.D.1}{\376\377\000S\000t\000e\000p\000\040\0000\000:\000\040\000T\000h\000e\000\040\000T\000r\000i\000m\000m\000e\000d\000\040\000D\000i\000f\000f\000e\000r\000e\000n\000c\000e\000\040\000O\000p\000e\000r\000a\000t\000o\000r\000\040\000i\000s\000\040\000B\000o\000u\000n\000d\000e\000d\000\040\000o\000n\000\040\000L\0002\000\050\000P\000\051}{appendix.D}% 25
\BOOKMARK [2][-]{subsection.D.2}{\376\377\000S\000t\000e\000p\000\040\0001\000:\000\040\000D\000e\000c\000o\000m\000p\000o\000s\000i\000t\000i\000o\000n\000\040\000b\000y\000\040\000F\000o\000l\000d\000s}{appendix.D}% 26
\BOOKMARK [2][-]{subsection.D.3}{\376\377\000S\000t\000e\000p\000\040\0002\000:\000\040\000T\000h\000e\000\040\000B\000i\000a\000s\000\040\000T\000e\000r\000m}{appendix.D}% 27
\BOOKMARK [2][-]{subsection.D.4}{\376\377\000S\000t\000e\000p\000\040\0003\000:\000\040\000T\000h\000e\000\040\000E\000m\000p\000i\000r\000i\000c\000a\000l\000\040\000P\000r\000o\000c\000e\000s\000s\000\040\000T\000e\000r\000m}{appendix.D}% 28
\BOOKMARK [2][-]{subsection.D.5}{\376\377\000S\000t\000e\000p\000\040\0004\000:\000\040\000C\000e\000n\000t\000r\000a\000l\000\040\000L\000i\000m\000i\000t\000\040\000T\000h\000e\000o\000r\000e\000m\000\040\000a\000n\000d\000\040\000V\000a\000r\000i\000a\000n\000c\000e\000\040\000E\000s\000t\000i\000m\000a\000t\000i\000o\000n}{appendix.D}% 29
\BOOKMARK [1][-]{appendix.E}{\376\377\000P\000r\000o\000o\000f\000\040\000o\000f\000\040\000P\000r\000o\000p\000o\000s\000i\000t\000i\000o\000n\000\040\0002\000\040\000\050\000D\000o\000u\000b\000l\000e\000\040\000R\000o\000b\000u\000s\000t\000n\000e\000s\000s\000\051}{}% 30
\BOOKMARK [2][-]{subsection.E.1}{\376\377\000S\000t\000e\000p\000\040\0001\000:\000\040\000T\000h\000e\000\040\000P\000s\000e\000u\000d\000o\000-\000T\000r\000u\000e\000\040\000I\000n\000f\000l\000u\000e\000n\000c\000e\000\040\000F\000u\000n\000c\000t\000i\000o\000n}{appendix.E}% 31
\BOOKMARK [2][-]{subsection.E.2}{\376\377\000S\000t\000e\000p\000\040\0002\000:\000\040\000T\000h\000e\000\040\000B\000i\000a\000s\000\040\000T\000e\000r\000m}{appendix.E}% 32
\BOOKMARK [2][-]{subsection.E.3}{\376\377\000S\000t\000e\000p\000\040\0003\000:\000\040\000T\000h\000e\000\040\000E\000m\000p\000i\000r\000i\000c\000a\000l\000\040\000P\000r\000o\000c\000e\000s\000s\000\040\000T\000e\000r\000m}{appendix.E}% 33
\BOOKMARK [2][-]{subsection.E.4}{\376\377\000S\000t\000e\000p\000\040\0004\000:\000\040\000C\000o\000n\000c\000l\000u\000s\000i\000o\000n}{appendix.E}% 34
\BOOKMARK [1][-]{appendix.F}{\376\377\000P\000r\000o\000o\000f\000\040\000o\000f\000\040\000T\000h\000e\000o\000r\000e\000m\000\040\0002\000\040\000\050\000S\000e\000m\000i\000p\000a\000r\000a\000m\000e\000t\000r\000i\000c\000\040\000E\000f\000f\000i\000c\000i\000e\000n\000c\000y\000\051}{}% 35
\BOOKMARK [1][-]{appendix.G}{\376\377\000P\000r\000o\000o\000f\000\040\000o\000f\000\040\000L\000e\000m\000m\000a\000\040\0003\000\040\000\050\000D\000e\000r\000i\000v\000a\000t\000i\000v\000e\000\040\000E\000x\000i\000s\000t\000e\000n\000c\000e\000,\000\040\000S\000o\000b\000o\000l\000e\000v\000\051}{}% 36
\BOOKMARK [2][-]{subsection.G.1}{\376\377\000W\000h\000a\000t\000\040\000N\000e\000e\000d\000s\000\040\000t\000o\000\040\000B\000e\000\040\000S\000h\000o\000w\000n}{appendix.G}% 37
\BOOKMARK [2][-]{subsection.G.2}{\376\377\000S\000t\000e\000p\000\040\0001\000:\000\040\000E\000x\000i\000s\000t\000e\000n\000c\000e\000\040\000o\000f\000\040\000t\000h\000e\000\040\000G\000r\000a\000d\000i\000e\000n\000t\000\040\000a\000s\000\040\000a\000n\000\040\000L\000p\000\040\000F\000u\000n\000c\000t\000i\000o\000n}{appendix.G}% 38
\BOOKMARK [2][-]{subsection.G.3}{\376\377\000S\000t\000e\000p\000\040\0002\000:\000\040\000T\000h\000e\000\040\000N\000o\000r\000m\000\040\000B\000o\000u\000n\000d}{appendix.G}% 39
\BOOKMARK [2][-]{subsection.G.4}{\376\377\000C\000o\000n\000c\000l\000u\000s\000i\000o\000n}{appendix.G}% 40
\BOOKMARK [1][-]{appendix.H}{\376\377\000P\000r\000o\000o\000f\000\040\000o\000f\000\040\000L\000e\000m\000m\000a\000\040\0004\000\040\000\050\000D\000e\000r\000i\000v\000a\000t\000i\000v\000e\000\040\000C\000o\000n\000s\000i\000s\000t\000e\000n\000c\000y\000,\000\040\000S\000o\000b\000o\000l\000e\000v\000\051}{}% 41
\BOOKMARK [2][-]{subsection.H.1}{\376\377\000W\000h\000a\000t\000\040\000N\000e\000e\000d\000s\000\040\000t\000o\000\040\000B\000e\000\040\000S\000h\000o\000w\000n}{appendix.H}% 42
\BOOKMARK [2][-]{subsection.H.2}{\376\377\000P\000r\000o\000o\000f\000\040\000S\000t\000r\000a\000t\000e\000g\000y}{appendix.H}% 43
\BOOKMARK [2][-]{subsection.H.3}{\376\377\000S\000t\000e\000p\000\040\0001\000:\000\040\000E\000x\000t\000r\000a\000c\000t\000\040\000a\000\040\000S\000t\000r\000o\000n\000g\000l\000y\000\040\000C\000o\000n\000v\000e\000r\000g\000e\000n\000t\000\040\000S\000u\000b\000s\000e\000q\000u\000e\000n\000c\000e}{appendix.H}% 44
\BOOKMARK [2][-]{subsection.H.4}{\376\377\000S\000t\000e\000p\000\040\0002\000:\000\040\000I\000d\000e\000n\000t\000i\000f\000y\000\040\000t\000h\000e\000\040\000L\000i\000m\000i\000t}{appendix.H}% 45
\BOOKMARK [2][-]{subsection.H.5}{\376\377\000S\000t\000e\000p\000\040\0003\000:\000\040\000E\000x\000t\000r\000a\000c\000t\000\040\000G\000r\000a\000d\000i\000e\000n\000t\000\040\000C\000o\000n\000v\000e\000r\000g\000e\000n\000c\000e}{appendix.H}% 46
\BOOKMARK [2][-]{subsection.H.6}{\376\377\000C\000o\000n\000c\000l\000u\000s\000i\000o\000n}{appendix.H}% 47
\BOOKMARK [1][-]{appendix.I}{\376\377\000P\000r\000o\000o\000f\000\040\000o\000f\000\040\000L\000e\000m\000m\000a\000\040\0005\000\040\000\050\000D\000e\000r\000i\000v\000a\000t\000i\000v\000e\000\040\000E\000x\000i\000s\000t\000e\000n\000c\000e\000,\000\040\000B\000V\000\051}{}% 48
\BOOKMARK [2][-]{subsection.I.1}{\376\377\000W\000h\000a\000t\000\040\000N\000e\000e\000d\000s\000\040\000t\000o\000\040\000B\000e\000\040\000S\000h\000o\000w\000n}{appendix.I}% 49
\BOOKMARK [2][-]{subsection.I.2}{\376\377\000S\000t\000e\000p\000\040\0001\000:\000\040\000E\000x\000i\000s\000t\000e\000n\000c\000e\000\040\000o\000f\000\040\000D\000n\000\040\000a\000s\000\040\000a\000\040\000R\000a\000d\000o\000n\000\040\000M\000e\000a\000s\000u\000r\000e}{appendix.I}% 50
\BOOKMARK [2][-]{subsection.I.3}{\376\377\000S\000t\000e\000p\000\040\0002\000:\000\040\000E\000x\000p\000l\000i\000c\000i\000t\000\040\000F\000o\000r\000m\000u\000l\000a\000\040\000f\000o\000r\000\040\000P\000i\000e\000c\000e\000w\000i\000s\000e\000\040\000C\000o\000n\000s\000t\000a\000n\000t\000\040\000F\000u\000n\000c\000t\000i\000o\000n\000s}{appendix.I}% 51
\BOOKMARK [1][-]{appendix.J}{\376\377\000P\000r\000o\000o\000f\000\040\000o\000f\000\040\000L\000e\000m\000m\000a\000\040\0006\000\040\000\050\000D\000e\000r\000i\000v\000a\000t\000i\000v\000e\000\040\000C\000o\000n\000s\000i\000s\000t\000e\000n\000c\000y\000,\000\040\000B\000V\000\051}{}% 52
\BOOKMARK [2][-]{subsection.J.1}{\376\377\000W\000h\000a\000t\000\040\000N\000e\000e\000d\000s\000\040\000t\000o\000\040\000B\000e\000\040\000S\000h\000o\000w\000n}{appendix.J}% 53
\BOOKMARK [2][-]{subsection.J.2}{\376\377\000P\000r\000o\000o\000f\000\040\000S\000t\000r\000a\000t\000e\000g\000y}{appendix.J}% 54
\BOOKMARK [2][-]{subsection.J.3}{\376\377\000P\000a\000r\000t\000\040\000I\000:\000\040\000W\000e\000a\000k\000-\000*\000\040\000C\000o\000n\000v\000e\000r\000g\000e\000n\000c\000e}{appendix.J}% 55
\BOOKMARK [2][-]{subsection.J.4}{\376\377\000P\000a\000r\000t\000\040\000I\000I\000:\000\040\000S\000t\000r\000i\000c\000t\000\040\000C\000o\000n\000v\000e\000r\000g\000e\000n\000c\000e\000\040\000U\000p\000g\000r\000a\000d\000e}{appendix.J}% 56
\BOOKMARK [1][-]{appendix.K}{\376\377\000P\000r\000o\000o\000f\000\040\000o\000f\000\040\000T\000h\000e\000o\000r\000e\000m\000\040\0003\000\040\000\050\000P\000a\000i\000r\000i\000n\000g\000\040\000I\000d\000e\000n\000t\000i\000t\000y\000\051}{}% 57
\BOOKMARK [1][-]{appendix.L}{\376\377\000P\000r\000o\000o\000f\000\040\000o\000f\000\040\000T\000h\000e\000o\000r\000e\000m\000\040\0004\000\040\000\050\000N\000e\000u\000r\000a\000l\000\040\000N\000e\000t\000w\000o\000r\000k\000s\000\051}{}% 58
\BOOKMARK [2][-]{subsection.L.1}{\376\377\000S\000e\000t\000u\000p\000\040\000a\000n\000d\000\040\000N\000o\000t\000a\000t\000i\000o\000n}{appendix.L}% 59
\BOOKMARK [2][-]{subsection.L.2}{\376\377\000S\000t\000e\000p\000\040\0001\000:\000\040\000U\000n\000i\000f\000o\000r\000m\000\040\000W\0002\000,\000p\000\040\000B\000o\000u\000n\000d\000e\000d\000n\000e\000s\000s}{appendix.L}% 60
\BOOKMARK [2][-]{subsection.L.3}{\376\377\000S\000t\000e\000p\000\040\0002\000:\000\040\000L\000p\000\040\000C\000o\000n\000s\000i\000s\000t\000e\000n\000c\000y}{appendix.L}% 61
\BOOKMARK [2][-]{subsection.L.4}{\376\377\000S\000t\000e\000p\000\040\0003\000:\000\040\000A\000p\000p\000l\000y\000i\000n\000g\000\040\000L\000e\000m\000m\000a\000\040\0004}{appendix.L}% 62
\BOOKMARK [1][-]{appendix.M}{\376\377\000P\000r\000o\000o\000f\000\040\000o\000f\000\040\000T\000h\000e\000o\000r\000e\000m\000\040\0005\000\040\000\050\000G\000r\000a\000d\000i\000e\000n\000t\000\040\000B\000o\000o\000s\000t\000i\000n\000g\000\051}{}% 63
\BOOKMARK [2][-]{subsection.M.1}{\376\377\000S\000e\000t\000u\000p\000\040\000a\000n\000d\000\040\000N\000o\000t\000a\000t\000i\000o\000n}{appendix.M}% 64
\BOOKMARK [2][-]{subsection.M.2}{\376\377\000C\000a\000s\000e\000\040\000\050\000i\000\051\000:\000\040\000S\000m\000o\000o\000t\000h\000\040\000B\000a\000s\000e\000\040\000L\000e\000a\000r\000n\000e\000r\000s}{appendix.M}% 65
\BOOKMARK [2][-]{subsection.M.3}{\376\377\000C\000a\000s\000e\000\040\000\050\000i\000i\000\051\000:\000\040\000T\000r\000e\000e\000\040\000S\000t\000u\000m\000p\000\040\000B\000a\000s\000e\000\040\000L\000e\000a\000r\000n\000e\000r\000s}{appendix.M}% 66
\BOOKMARK [1][-]{appendix.N}{\376\377\000P\000r\000o\000o\000f\000\040\000o\000f\000\040\000T\000h\000e\000o\000r\000e\000m\000\040\0006\000\040\000\050\000R\000a\000n\000d\000o\000m\000\040\000F\000o\000r\000e\000s\000t\000s\000\051}{}% 67
\BOOKMARK [2][-]{subsection.N.1}{\376\377\000S\000e\000t\000u\000p}{appendix.N}% 68
\BOOKMARK [2][-]{subsection.N.2}{\376\377\000S\000t\000e\000p\000\040\0001\000:\000\040\000E\000a\000c\000h\000\040\000T\000r\000e\000e\000\040\000i\000s\000\040\000i\000n\000\040\000B\000V}{appendix.N}% 69
\BOOKMARK [2][-]{subsection.N.3}{\376\377\000S\000t\000e\000p\000\040\0002\000:\000\040\000U\000n\000i\000f\000o\000r\000m\000\040\000B\000V\000\040\000B\000o\000u\000n\000d\000e\000d\000n\000e\000s\000s\000\040\000v\000i\000a\000\040\000t\000h\000e\000\040\000S\000e\000c\000o\000n\000d\000\040\000M\000o\000m\000e\000n\000t\000\040\000A\000r\000g\000u\000m\000e\000n\000t}{appendix.N}% 70
\BOOKMARK [2][-]{subsection.N.4}{\376\377\000S\000t\000e\000p\000\040\0003\000:\000\040\000A\000p\000p\000l\000y\000\040\000L\000e\000m\000m\000a\000\040\0006}{appendix.N}% 71
